...
form
:longtime	0.00	'
:longtime	0.00	'diau/lion
:longtime	0.00	*bakxei='
:longtime	0.00	*diago/ras
*diomei/ois
:longtime	0.00	*zeu/s
*lukabhttou/s
*megai/neto/s
*meliti/dai
*canqi/dion
:longtime	0.01	*puqw=n'
*senokle/hs
*skeblu/as
au)qa/dws
au)/te
grupaie/tous
:longtime	0.01	diagwniei=sq'
dusameria=n
ei(eieieili/ssete
ei(eieieili/ssousa
eu)
qo/s
:longtime	0.03	kath=lq'
kentaurikw=s
:time 0.00 0.00
1000 982 98.20 kupei/rou 2
ka)meiyi/as
ka)rxe/dhmos
ka)/peite
kw)=|non
melanonekuei/mona
mousei=a
murrinw=nas
ma)lla
me/ntou)gw/
ni
noei/n
n'
oi)=sqe
ou(/nexa
parainei=t':  ran out of space with 25 analyses!
parainei=t':  ran out of space with 25 analyses!
parainei=t':  ran out of space with 25 analyses!
parainei=t':  ran out of space with 25 analyses!
parainei=t':  ran out of space with 25 analyses!
parainei=t':  ran out of space with 25 analyses!
parainei=t':  ran out of space with 25 analyses!
parainei=t':  ran out of space with 25 analyses!
parainei=t':  ran out of space with 25 analyses!
parainei=t':  ran out of space with 25 analyses!
parainei=t':  ran out of space with 25 analyses!
parainei=t':  ran out of space with 25 analyses!
parainei=t':  ran out of space with 25 analyses!
parainei=t':  ran out of space with 25 analyses!
parainei=t':  ran out of space with 25 analyses!
parainei=t':  ran out of space with 25 analyses!
parainei=t':  ran out of space with 25 analyses!
parainei=t':  ran out of space with 25 analyses!
parainei=t':  ran out of space with 25 analyses!
parainei=t':  ran out of space with 25 analyses!
parainei=t':  ran out of space with 25 analyses!
parainei=t':  ran out of space with 25 analyses!
parainei=t':  ran out of space with 25 analyses!
parainei=t':  ran out of space with 25 analyses!
parainei=t':  ran out of space with 25 analyses!
parainei=t':  ran out of space with 25 analyses!
parainei=t':  ran out of space with 25 analyses!
parainei=t':  ran out of space with 25 analyses!
parainei=t':  ran out of space with 25 analyses!
parainei=t':  ran out of space with 25 analyses!
parainei=t':  ran out of space with 25 analyses!
parainei=t':  ran out of space with 25 analyses!
parainei=t':  ran out of space with 25 analyses!
parainei=t':  ran out of space with 25 analyses!
parainei=t':  ran out of space with 25 analyses!
parainei=t':  ran out of space with 25 analyses!
parainei=t':  ran out of space with 25 analyses!
parainei=t':  ran out of space with 25 analyses!
parainei=t':  ran out of space with 25 analyses!
parainei=t':  ran out of space with 25 analyses!
parainei=t':  ran out of space with 25 analyses!
parainei=t':  ran out of space with 25 analyses!
parainei=t':  ran out of space with 25 analyses!
parainei=t':  ran out of space with 25 analyses!
parainei=t':  ran out of space with 25 analyses!
parainei=t':  ran out of space with 25 analyses!
parainei=t':  ran out of space with 25 analyses!
parainei=t':  ran out of space with 25 analyses!
parainei=t':  ran out of space with 25 analyses!
parainei=t':  ran out of space with 25 analyses!
parainei=t':  ran out of space with 25 analyses!
parainei=t':  ran out of space with 25 analyses!
parainei=t':  ran out of space with 25 analyses!
parainei=t':  ran out of space with 25 analyses!
parainei=t':  ran out of space with 25 analyses!
parainei=t':  ran out of space with 25 analyses!
parainei=t':  ran out of space with 25 analyses!
parainei=t':  ran out of space with 25 analyses!
parainei=t':  ran out of space with 25 analyses!
parainei=t':  ran out of space with 25 analyses!
parainei=t':  ran out of space with 25 analyses!
parainei=t':  ran out of space with 25 analyses!
parainei=t':  ran out of space with 25 analyses!
parainei=t':  ran out of space with 25 analyses!
parainei=t':  ran out of space with 25 analyses!
parainei=t':  ran out of space with 25 analyses!
parainei=t':  ran out of space with 25 analyses!
parainei=t':  ran out of space with 25 analyses!
parainei=t':  ran out of space with 25 analyses!
parainei=t':  ran out of space with 25 analyses!
parainei=t':  ran out of space with 25 analyses!
parainei=t':  ran out of space with 25 analyses!
parainei=t':  ran out of space with 25 analyses!
parainei=t':  ran out of space with 25 analyses!
parainei=t':  ran out of space with 25 analyses!
parainei=t':  ran out of space with 25 analyses!
parainei=t':  ran out of space with 25 analyses!
parainei=t':  ran out of space with 25 analyses!
parainei=t':  ran out of space with 25 analyses!
parainei=t':  ran out of space with 25 analyses!
parainei=t':  ran out of space with 25 analyses!
parainei=t':  ran out of space with 25 analyses!
parainei=t':  ran out of space with 25 analyses!
parainei=t':  ran out of space with 25 analyses!
parainei=t':  ran out of space with 25 analyses!
parainei=t':  ran out of space with 25 analyses!
parainei=t':  ran out of space with 25 analyses!
parainei=t':  ran out of space with 25 analyses!
parainei=t':  ran out of space with 25 analyses!
parainei=t':  ran out of space with 25 analyses!
parainei=t':  ran out of space with 25 analyses!
parainei=t':  ran out of space with 25 analyses!
parainei=t':  ran out of space with 25 analyses!
parainei=t':  ran out of space with 25 analyses!
parainei=t':  ran out of space with 25 analyses!
parainei=t':  ran out of space with 25 analyses!
parainei=t':  ran out of space with 25 analyses!
parainei=t':  ran out of space with 25 analyses!
parainei=t':  ran out of space with 25 analyses!
parainei=t':  ran out of space with 25 analyses!
parainw=:  ran out of space with 25 analyses!
parainw=:  ran out of space with 25 analyses!
parainw=:  ran out of space with 25 analyses!
parainw=:  ran out of space with 25 analyses!
parainw=:  ran out of space with 25 analyses!
parainw=:  ran out of space with 25 analyses!
parainw=:  ran out of space with 25 analyses!
parainw=:  ran out of space with 25 analyses!
parainw=:  ran out of space with 25 analyses!
parainw=:  ran out of space with 25 analyses!
parainw=:  ran out of space with 25 analyses!
parainw=:  ran out of space with 25 analyses!
perio/yoma)pelqo/nt'
pei=n
pneusei=tai
pra|o/nws
po/lla
:time 0.00 0.00
2000 1963 98.15 pu=r 1
sebh=
tai)/tion
tau)/ta
tis)
tos
toutoumeni/
toflattoqrat
tunnoutw|i/
:longtime	0.03	ta)nanti/'
filako/lou
flattoqrat
xhstri/d'
xrh=sqe:  ran out of space with 25 analyses!
a)ei/nwn
a)mpisxw/n
a)papai/
a)parxa/s'
a(naflu/stios
:time 0.00 0.00
3000 2947 98.23 a(/panta 2
*(apo/llwn
e)gwge
e)zwn
e)kleya
e)lesbi/azen
e)me
e)cele
e)stai
e)te/ra|
e)/ndoqen)
e(/pta
h(/mpousa
*(hrakleiocanqi/an
i(sto/pona
o)cu/lalon
o)po/p
o)r
w)=delfi/dion
w)=maqe/stat'
w)=no/htoi
w)|sxu/le
r(uppapai=
'g'w/
