form
:longtime	0.00	'
*ai)gili/hn
*ai)nu/rwn
*au)gi/lwn
*belbi
*bhli/das
*boiw
*bolbi/tinon
*bouba/rh|
*bouba/sti
*bouba/stios
*boudi=noi
*boudi=nos
*bousi/ri
*briantikh/
*ba/kales
*gallai+kh/
*gamfa/santes
*gandari/wn
*ganda/rioi
*gebele/i+zin
*ginda/nwn
*ginda=ne/s
*gonnai=on
*gri=nnos
*guga/das
*ge/lhn
*dhio/kew
*diektori/dew
:longtime	0.00	*dieciou/shs
:longtime	0.01	*dieciw/n
*dropikoi/
*da/tios
*do/bhras
*do/bhra/s
*e*r*a*t*w
*e*u*t*e*r*p*h
*eu)esperi/das
*eu)pali=nos
*eu)ruda/mhn
*eu)rudh/mou
*eu)rwph/ioi
*q*a*l*e*i*a
*qagimasa/das
*qamanai/wn
*qera/mbw
*qrasu/lew
*qrhi+/ssas
*qureh=tai
*k*a*l*l*i*o*p*h
*kabhle/es
:time 0.00 0.00
1000 951 95.10 *kadmei/h 2
:longtime	0.01	*kaei/ras
*kallipi/dai
*karkini=tin
*kasqanai/hn
:longtime	0.01	*katarw=ntai
*kati/aroi/
*kauniko/n
*kau+strobi/ou
*kau/kasin
*kau/kasis
*kleo/bi
*koinu/rwn
*kolossa/s
*korhssw=|
*kossi/ka
*kraqi/h|
*krita/llwn
*kroisei/ou
*krotwnih/tidi
*krw=fi
*kuzi/kon
*kulluri/wn
*ka/sambon
*ki/nupa
*ki/nupi
*ki/nupos
*ku/bernis
*kw/mbreia
*ki=nuy
*lasoni/wn
*laso/nioi
*limenhi/w|
*lipoca/i+os
*lisai/
*ludikh=s
*m*e*l*p*o*m*e*n*h
*maza/reos
*mandrokle/hs
*manerw=s
*macu/wn
*mardo/
*mara/fion
*maskamei/oisi
*massage/ths
*memnoni/oisi
*memno/nia
*memno/nion
*meroh/
:time 0.00 0.00
2000 1905 95.25 *mhdikoi=si 2
*mula/soisi
*muriandrikou=
*muh/sioi
*ma/cues
*mi=na
*mi=ni
*naqw=
*nasamw=nas
*nasamw=nos
*nasamw=si
*nekw=
*nekw=n
*nekw=s
*neo
*neuro/s
*niko/lan
*niko/lew
*nisuri/wn
*nh/saion
*ca/nqew
*o*u*r*a*n*i*a
*p*o*l*u*m*n*i*a
*pantagnw/tw|
*panti/maqoi/
*paprh/mi
*parhtakhnoi/
*parihno/s
*parikani/wn
*parika/nioi
*pasarga/dhn
*patizei/qhs
*pata/roisi
*pausoi/
*pelopon
*pelopo/nnh
*phlousi/h|si
*plakihnoi/
*poiki/lew
*poseidwnih/tew
*prasia/dos
*prhci=nos
*proswpi=tis
*pa/ktues
:time 0.00 0.00
3000 2862 95.40 *pi/ere/s 1
*po/rata
*sagarti/wn
*saga/rtioi
*sala
*saspei/rwn
*seqw=n
*siou/f
*sisa/mnew
*sisa/mnhn
*sisa/mnhs
*skolo/tous
*skurmia/dai
*sa/speirsi
*sa/i+os
*sh/peia
*t*e*r*y*i*x*o*r*h
*tabiti/
*talqubia/dai
:longtime	0.01	*tau=t'
*termi/lai
*teukrou/s
*teukro/s
*teukrw=n
*tei+/speos
*triopiko/n
*turi=tai
*tw)uto/
*fili/tios
*fi/lew
:time 0.00 0.00
4000 3834 95.85 *xale/strhn 1
*xaropi=non
*xoirea=tai
*xorasmi/wn
*xora/smioi
ag
ai)gupti/oisi
ai)gupti/ous
ai)gupti/wn
ai)gu/ptia
ai)gu/ption
ai)gu/ptios
ai)qiopi/da
ba/rba
g
gene/
gon
:time 0.00 0.00
5000 4818 96.36 gouna/twn 1
gh/sein
diadrh/
:time 0.00 0.00
6000 5816 96.93 dia/strofa 1
dw=ra/s
ei
es
eu)=ron
:time 0.00 0.00
7000 6812 97.31 zwo/s 1
hso/menoi
kaleo/ntai
katamei/
:time 0.00 0.00
8000 7809 97.61 kataswxo/menon 2
kai/ws
kinduneu/
:time 0.00 0.00
9000 8807 97.86 kru/ptoito 1
la
lagh/
lon
le/eis
mata
maxos
mega/
meqa
:time 0.00 0.00
10000 9799 97.99 memhxa/nhtai 1
mhxane/ato
me/nw|
mi=ni
nantas
nauma
nios
noisi
nomai
:time 0.00 0.00
11000 10791 98.10 nwqe/steros 1
nwn
ni/ths
o
ontas
oi(mh/sousi
oi(/xonto
ou)de
para
parag
:time 0.00 0.00
12000 11782 98.18 pare/xwntai 1
pete
phi/as
:time 0.00 0.00
13000 12780 98.31 poihte/wn 3
:time 0.00 0.00
14000 13780 98.43 pro/bata 1
punqa/
pwn
pi/
po/lla
ph=|si
rhme/noi
ron
rou
seis
sqai
son
sontai
stra
:time 0.00 0.00
15000 14767 98.45 sta/sin 1
sth/rion
sum
sumbou
surihgene/s
su/m
tai
tarixhi/wn
tas
:time 0.00 0.00
16000 15759 98.49 te 1
teu/esqai
tih/n
twn
farnou/xhs
farna/spew
:time 0.00 0.00
17000 16754 98.55 feu/gousa 1
fqiw=tin
frone/
xmion
xrh
xwsqei/h
xwsqh=nai
ya/mmi
:time 0.00 0.00
18000 17747 98.59 a)gka/lh| 1
a)ga/l
a)le/es
a)n
a)nag
a)nqrw
a)nqrw/
:time 0.00 0.00
19000 18741 98.64 a)noi/gei 2
a)pal
a)po
a)poba
:time 0.00 0.00
20000 19738 98.69 a)ponosth/sein 3
a)pope/mfanta
a(paca/
:time 0.00 0.00
21000 20736 98.74 a)/kanqan 1
*)abhne/wn
*)agbata/noisi
*)agbata/nwn
*)aqh
*)akarnh=na
*)akro/qw|on
*)alazw/nwn
*)alazw=nas
*)alazw=nes
*)alarodi/oisi
*)alaro/dioi
*)alila/t
*)alwpekh=si
*)ala/zeir
*)amaqou=nta
*)amurgi/ous
*)anu/sou
*)arima/spea
*)aristhi/h|
*)aristolai+/dew
*)arkesi/lew
*)arkesi/lew|
*)arpoca/i+os
*)arta/new
*)aruandiko/n
*)arua/ndew
*)arxe/lew
*)ara/cew
*)asma/x
*)aspaqi/new
*)atarnei/tidos
:time 0.00 0.00
22000 21705 98.66 *)atarne/i+ 1
e)
e)gkex
e)kei/
e)kpe/m
:time 0.00 0.00
23000 22701 98.70 e)lpi/sas 1
e)cexw/sqh
:time 0.00 0.00
24000 23700 98.75 e)panasthso/menon 2
e)pistame/
:time 0.00 0.00
25000 24699 98.80 e)pi/maxon 2
e)rgasa
e)sballo/ntes
e)so
e)sterh=
e)xw/sqhsan
:time 0.00 0.00
26000 25694 98.82 e)/kamnon 2
e)/peite
e)/peite/
*)elew/nios
*)elisu/kwn
*)ena/reas
*(ellhnodi/kai
*(ellhnosku/qai
*(ellhso/ntw|
*(ermotubi/wn
*)/epeite
*)/epeite/
:time 0.00 0.00
27000 26683 98.83 h)io/na 2
h)pei/
h(/kon
*)hghsa/ndrou
*(hrakle/i+
*)idria/dos
*)ina/rw
*)isshdo/nas
*)isshdo/nes
*)istrihnh=s
*)isti/hs
:time 0.00 0.00
28000 27673 98.83 *)iwnikou= 1
*(ippo/lew
*)/inuka
o)lumpia/da
o)nei
o(mo
o(molo
o(mosith=sa
o(mo/glws
*)odusshi/h|
*)olumpihnoi/
*)onea=tai
*)orqokorubanti/wn
*)orota/lt
*)osi/rios
:time 0.00 0.00
29000 28659 98.82 u(pekri/nanto 1
u(perbo/reoi/
u(po
u(podeko/
:longtime	0.01	u(pocurou=ntes
*(umhsso/n
*(umhssw=|
*(upaxaioi/
*(utenne/wn
*(ua=tai
*(/urgis
w)/sfranto
*(wuto/s
*)/wnqrwpe
o/ntes
*(rodw/pi
*(rodw/pios
